============================= test session starts =============================
platform win32 -- Python 3.14.2, pytest-9.0.2, pluggy-1.6.0 -- C:\Users\leon\AppData\Local\Programs\Python\Python314\python.exe
cachedir: .pytest_cache
rootdir: C:\Users\leon\Desktop\admin_system_core
configfile: pyproject.toml
plugins: anyio-4.12.1, asyncio-1.3.0
asyncio: mode=Mode.AUTO, debug=False, asyncio_default_fixture_loop_scope=None, asyncio_default_test_loop_scope=function
collecting ... collected 1 item

tests/test_chatbot_vector_override.py::test_keyword_override FAILED      [100%]

================================== FAILURES ===================================
____________________________ test_keyword_override ____________________________
tests\test_chatbot_vector_override.py:79: in test_keyword_override
    response1 = await service.search(query=query1, db=mock_db)
                ^^^^^^^^^^^^^^^^^^^^^^^^^^^^^^^^^^^^^^^^^^^^^^
modules\chatbot\services\vector_service.py:186: in search
    document=SOPDocumentResponse.model_validate(doc),
             ^^^^^^^^^^^^^^^^^^^^^^^^^^^^^^^^^^^^^^^
E   pydantic_core._pydantic_core.ValidationError: 1 validation error for SOPDocumentResponse
E   id
E     Input should be a valid string [type=string_type, input_value=UUID('808d0439-6b0b-4b7a-bc8f-85aa0a5393f6'), input_type=UUID]
E       For further information visit https://errors.pydantic.dev/2.12/v/string_type
============================== warnings summary ===============================
core\services\user_sync.py:57
  C:\Users\leon\Desktop\admin_system_core\core\services\user_sync.py:57: DeprecationWarning: get_user_form() is deprecated. Use core.ragic.registry.get_ragic_registry() instead.
    _config = get_user_form()

core\ragic\columns.py:214
  C:\Users\leon\Desktop\admin_system_core\core\ragic\columns.py:214: DeprecationWarning: RagicFormConfig() is deprecated. Use core.ragic.registry.get_ragic_registry() instead.
    return RagicFormConfig("user_form")

tests/test_chatbot_vector_override.py::test_keyword_override
  C:\Users\leon\Desktop\admin_system_core\tests\test_chatbot_vector_override.py:70: DeprecationWarning: datetime.datetime.utcnow() is deprecated and scheduled for removal in a future version. Use timezone-aware objects to represent datetimes in UTC: datetime.datetime.now(datetime.UTC).
    created_at=datetime.utcnow(),

tests/test_chatbot_vector_override.py::test_keyword_override
  C:\Users\leon\Desktop\admin_system_core\tests\test_chatbot_vector_override.py:71: DeprecationWarning: datetime.datetime.utcnow() is deprecated and scheduled for removal in a future version. Use timezone-aware objects to represent datetimes in UTC: datetime.datetime.now(datetime.UTC).
    updated_at=datetime.utcnow()

-- Docs: https://docs.pytest.org/en/stable/how-to/capture-warnings.html
=========================== short test summary info ===========================
FAILED tests/test_chatbot_vector_override.py::test_keyword_override - pydanti...
======================== 1 failed, 4 warnings in 6.38s ========================
